# modpoll ready. baud=9600. commands: sweep / read a f s c / baud N / fc N / marker
# marker t=16284ms parity x baud sweep
# --- 8N1 baud 9600 ---
# sweep addr 1..8 fcs ['0x3'] baud 9600
# sweep done, 0 valid replies
# --- 8N1 baud 19200 ---
# sweep addr 1..8 fcs ['0x3'] baud 19200
# sweep done, 0 valid replies
# --- 8N1 baud 4800 ---
# sweep addr 1..8 fcs ['0x3'] baud 4800
# sweep done, 0 valid replies
# --- 8N1 baud 38400 ---
# sweep addr 1..8 fcs ['0x3'] baud 38400
# sweep done, 0 valid replies
# --- 8N1 baud 2400 ---
# sweep addr 1..8 fcs ['0x3'] baud 2400
junk addr=5 fc=0x03 -> 07 03 00 00 00 08 45 88
# sweep done, 0 valid replies
# --- 8E1 baud 9600 ---
# sweep addr 1..8 fcs ['0x3'] baud 9600
# sweep done, 0 valid replies
# --- 8E1 baud 19200 ---
# sweep addr 1..8 fcs ['0x3'] baud 19200
# sweep done, 0 valid replies
# --- 8E1 baud 4800 ---
# sweep addr 1..8 fcs ['0x3'] baud 4800
junk addr=1 fc=0x03 -> 01 03 00 00 00 08 44 CC
junk addr=2 fc=0x03 -> 02 03 00 00 00 08 44 BF
junk addr=4 fc=0x03 -> 04 03 00 00 00 08 44 D9
junk addr=5 fc=0x03 -> 05 03 00 00 00 08 45 C8
junk addr=6 fc=0x03 -> 06 03 00 00 00 08 45 FB
junk addr=7 fc=0x03 -> 07 03 00 00 00 08 44 EA
junk addr=8 fc=0x03 -> 08 03 00 00 00 08 44 D5
# sweep done, 0 valid replies
# --- 8E1 baud 38400 ---
# sweep addr 1..8 fcs ['0x3'] baud 38400
# sweep done, 0 valid replies
# --- 8E1 baud 2400 ---
# sweep addr 1..8 fcs ['0x3'] baud 2400
junk addr=1 fc=0x03 -> 01 03 00 00 00 08 44 FC
junk addr=2 fc=0x03 -> 02 03 00 00 00 08 44 FF
junk addr=3 fc=0x03 -> 03 03 00 00 00 08 45 FE
junk addr=4 fc=0x03 -> 04 03 00 00 00 08 44 F9
junk addr=5 fc=0x03 -> 05 03 00 00 00 08 45 F8
junk addr=6 fc=0x03 -> 06 03 00 00 00 08 45 FB
junk addr=7 fc=0x03 -> 07 03 00 00 00 08 44 FA
junk addr=8 fc=0x03 -> 08 03 00 00 00 08 44 F5
# sweep done, 0 valid replies
# --- 8O1 baud 9600 ---
# sweep addr 1..8 fcs ['0x3'] baud 9600
# sweep done, 0 valid replies
# --- 8O1 baud 19200 ---
# sweep addr 1..8 fcs ['0x3'] baud 19200
# sweep done, 0 valid replies
# --- 8O1 baud 4800 ---
# sweep addr 1..8 fcs ['0x3'] baud 4800
junk addr=1 fc=0x03 -> 01 03 00 00 00 08 44 CC
junk addr=2 fc=0x03 -> 02 03 00 00 00 08 44 BF
junk addr=4 fc=0x03 -> 04 03 00 00 00 08 44 D9
junk addr=6 fc=0x03 -> 06 03 00 00 00 08 45 FB
junk addr=7 fc=0x03 -> 07 03 00 00 00 08 44 EA
junk addr=8 fc=0x03 -> 08 03 00 00 00 08 44 D5
# sweep done, 0 valid replies
# --- 8O1 baud 38400 ---
# sweep addr 1..8 fcs ['0x3'] baud 38400
# sweep done, 0 valid replies
# --- 8O1 baud 2400 ---
# sweep addr 1..8 fcs ['0x3'] baud 2400
junk addr=1 fc=0x03 -> 01 03 00 00 00 08 44 FC
junk addr=2 fc=0x03 -> 02 03 00 00 00 08 44 FF
junk addr=3 fc=0x03 -> 03 03 00 00 00 08 45 FE
junk addr=4 fc=0x03 -> 04 03 00 00 00 08 44 F9
junk addr=5 fc=0x03 -> 05 03 00 00 00 08 45 F8
junk addr=6 fc=0x03 -> 06 03 00 00 00 08 45 FB
junk addr=7 fc=0x03 -> 07 03 00 00 00 08 44 FA
junk addr=8 fc=0x03 -> 08 03 00 00 00 08 44 F5
# sweep done, 0 valid replies
