# modpoll ready. baud=9600. commands: sweep / read a f s c / baud N / fc N / marker
# marker t=61029ms unit psweep
# --- 8N1 baud 9600 ---
# sweep addr 1..16 fcs ['0x3'] baud 9600
# sweep done, 0 valid replies
# --- 8N1 baud 19200 ---
# sweep addr 1..16 fcs ['0x3'] baud 19200
# sweep done, 0 valid replies
# --- 8N1 baud 4800 ---
# sweep addr 1..16 fcs ['0x3'] baud 4800
# sweep done, 0 valid replies
# --- 8N1 baud 38400 ---
# sweep addr 1..16 fcs ['0x3'] baud 38400
# sweep done, 0 valid replies
# --- 8N1 baud 2400 ---
# sweep addr 1..16 fcs ['0x3'] baud 2400
# sweep done, 0 valid replies
# --- 8E1 baud 9600 ---
# sweep addr 1..16 fcs ['0x3'] baud 9600
# sweep done, 0 valid replies
# --- 8E1 baud 19200 ---
# sweep addr 1..16 fcs ['0x3'] baud 19200
# sweep done, 0 valid replies
# --- 8E1 baud 4800 ---
# sweep addr 1..16 fcs ['0x3'] baud 4800
junk addr=1 fc=0x03 -> 01 03 00 00 00 08 44 CC
junk addr=2 fc=0x03 -> 02 03 00 00 00 08 44 FF
junk addr=3 fc=0x03 -> 03 0F 00 00 00 08 45 EE
junk addr=4 fc=0x03 -> 04 03 00 00 00 08 44 D9
junk addr=5 fc=0x03 -> 05 03 00 00 00 08 45 C8
junk addr=6 fc=0x03 -> 06 03 00 00 00 08 45 FB
junk addr=7 fc=0x03 -> 07 03 00 00 00 08 44 EA
junk addr=8 fc=0x03 -> 08 03 00 00 00 08 44 D5
junk addr=9 fc=0x03 -> 09 03 00 00 00 08 45 C4
junk addr=10 fc=0x03 -> 0A 03 00 00 00 08 45 F7
junk addr=11 fc=0x03 -> 0B 03 00 00 00 08 44 E6
junk addr=12 fc=0x03 -> 0C 03 00 00 00 08 45 D1
junk addr=15 fc=0x03 -> 0F 03 00 00 00 08 45 E2
junk addr=16 fc=0x03 -> 10 03 00 00 00 08 47 CD
# sweep done, 0 valid replies
# --- 8E1 baud 38400 ---
# sweep addr 1..16 fcs ['0x3'] baud 38400
# sweep done, 0 valid replies
# --- 8E1 baud 2400 ---
# sweep addr 1..16 fcs ['0x3'] baud 2400
junk addr=1 fc=0x03 -> 01 03 00 00 00 08 44 FC
junk addr=2 fc=0x03 -> 02 03 00 00 00 08 44 FF
junk addr=3 fc=0x03 -> 40 40 40 40 40 61 34
junk addr=4 fc=0x03 -> 04 03 00 00 00 08 44 F9
junk addr=5 fc=0x03 -> 05 03 00 00 00 08 45 F8
junk addr=6 fc=0x03 -> 06 03 00 00 00 08 45 FB
junk addr=7 fc=0x03 -> 07 03 00 00 00 08 44 FA
junk addr=8 fc=0x03 -> 08 03 00 00 00 08 44 F5
junk addr=9 fc=0x03 -> 09 03 00 00 00 08 45 F4
junk addr=10 fc=0x03 -> 0A 03 00 00 00 08 45 F7
junk addr=11 fc=0x03 -> 0B 03 00 00 00 08 44 F6
junk addr=12 fc=0x03 -> 0C 03 00 00 00 08 45 F1
junk addr=13 fc=0x03 -> 0D 03 00 00 00 08 44 F0
junk addr=15 fc=0x03 -> 0F 03 00 00 00 08 45 F2
junk addr=16 fc=0x03 -> 10 03 00 00 00 08 47 FD
# sweep done, 0 valid replies
# --- 8O1 baud 9600 ---
# sweep addr 1..16 fcs ['0x3'] baud 9600
# sweep done, 0 valid replies
# --- 8O1 baud 19200 ---
# sweep addr 1..16 fcs ['0x3'] baud 19200
# sweep done, 0 valid replies
# --- 8O1 baud 4800 ---
# sweep addr 1..16 fcs ['0x3'] baud 4800
junk addr=1 fc=0x03 -> 01 03 00 00 00 08 44 CC
junk addr=2 fc=0x03 -> 02 03 00 00 00 08 44 FF
junk addr=4 fc=0x03 -> 04 03 00 00 00 08 44 D9
junk addr=5 fc=0x03 -> 05 03 00 00 00 08 45 C8
junk addr=6 fc=0x03 -> 06 03 00 00 00 08 45 FB
junk addr=7 fc=0x03 -> 07 03 00 00 00 08 44 EA
junk addr=8 fc=0x03 -> 08 03 00 00 00 08 44 D5
junk addr=9 fc=0x03 -> 09 03 00 00 00 08 45 C4
junk addr=10 fc=0x03 -> 0A 03 00 00 00 08 45 F7
junk addr=11 fc=0x03 -> 0B 03 00 00 00 08 44 E6
junk addr=12 fc=0x03 -> 0C 03 00 00 00 08 45 D1
junk addr=15 fc=0x03 -> 0F 03 00 00 00 08 45 E2
junk addr=16 fc=0x03 -> 10 03 00 00 00 08 47 CD
# sweep done, 0 valid replies
# --- 8O1 baud 38400 ---
# sweep addr 1..16 fcs ['0x3'] baud 38400
# sweep done, 0 valid replies
# --- 8O1 baud 2400 ---
# sweep addr 1..16 fcs ['0x3'] baud 2400
junk addr=1 fc=0x03 -> 01 03 00 00 00 08 44 FC
junk addr=2 fc=0x03 -> 02 03 00 00 00 08 44 FF
junk addr=3 fc=0x03 -> 03 03 00 00 00 08 45 FE
junk addr=4 fc=0x03 -> 04 03 00 00 00 08 44 F9
junk addr=5 fc=0x03 -> 05 03 00 00 00 08 45 F8
junk addr=6 fc=0x03 -> 06 03 00 00 00 08 45 FB
junk addr=7 fc=0x03 -> 07 03 00 00 00 08 44 FA
junk addr=8 fc=0x03 -> 08 03 00 00 00 08 44 F5
junk addr=9 fc=0x03 -> 09 03 00 00 00 08 45 F4
junk addr=10 fc=0x03 -> 0A 03 00 00 00 08 45 F7
junk addr=11 fc=0x03 -> 0B 03 00 00 00 08 44 F6
junk addr=12 fc=0x03 -> 0C 03 00 00 00 08 45 F1
junk addr=13 fc=0x03 -> 0D 03 00 00 00 08 44 F0
junk addr=15 fc=0x03 -> 0F 03 00 00 00 08 45 F2
junk addr=16 fc=0x03 -> 10 03 00 00 00 08 47 FD
# sweep done, 0 valid replies
